// Jest Snapshot v1, https://goo.gl/fbAQLP

exports[`TopPlayersForm should match the snapshot 1`] = `ShallowWrapper {}`;
