// Jest Snapshot v1, https://goo.gl/fbAQLP

exports[`TopPlayersContainer should match snapshot with correct data 1`] = `ShallowWrapper {}`;
