// Jest Snapshot v1, https://goo.gl/fbAQLP

exports[`SignUp should match the snapshot with no errors 1`] = `undefined`;
