// Jest Snapshot v1, https://goo.gl/fbAQLP

exports[`PlayerContainer should match the snapshot with correct data 1`] = `ShallowWrapper {}`;
