// Jest Snapshot v1, https://goo.gl/fbAQLP

exports[`SearchPage should match the snapshot 1`] = `ShallowWrapper {}`;
