// Jest Snapshot v1, https://goo.gl/fbAQLP

exports[`SearchPlayerForm should match the snapshot 1`] = `ShallowWrapper {}`;
