// Jest Snapshot v1, https://goo.gl/fbAQLP

exports[`PlayerPage should match the snapshot with correct data 1`] = `ShallowWrapper {}`;
